========================================
[Fri Apr 10 19:14:51 CEST 2026] Iteration 1 / 100
========================================
[Fri Apr 10 19:14:51 CEST 2026] Generate Task → autoopt-results/logs/20260410-191451-1-1-generate.log
[Fri Apr 10 19:14:52 CEST 2026] Generate Task failed (exit 0), retrying in 60s...
========================================
[Fri Apr 10 19:15:16 CEST 2026] Iteration 1 / 100
========================================
[Fri Apr 10 19:15:16 CEST 2026] Generate Task → autoopt-results/logs/20260410-191516-1-1-generate.log
[Fri Apr 10 19:15:17 CEST 2026] Generate Task failed (exit 0), retrying in 60s...
========================================
[Fri Apr 10 19:20:08 CEST 2026] Iteration 1 / 100
========================================
[Fri Apr 10 19:20:08 CEST 2026] Generate Task → autoopt-results/logs/20260410-192008-1-1-generate.log
[Fri Apr 10 19:34:36 CEST 2026] Create Plan → autoopt-results/logs/20260410-192008-1-2-plan.log
[Fri Apr 10 19:49:58 CEST 2026] Do Task → autoopt-results/logs/20260410-192008-1-3-do.log
========================================
[Fri Apr 10 19:59:04 CEST 2026] Iteration 2 / 100
========================================
[Fri Apr 10 19:59:04 CEST 2026] Generate Task → autoopt-results/logs/20260410-195904-2-1-generate.log
[Fri Apr 10 20:08:42 CEST 2026] Create Plan → autoopt-results/logs/20260410-195904-2-2-plan.log
[Fri Apr 10 20:22:52 CEST 2026] Do Task → autoopt-results/logs/20260410-195904-2-3-do.log
========================================
[Fri Apr 10 20:32:26 CEST 2026] Iteration 3 / 100
========================================
[Fri Apr 10 20:32:26 CEST 2026] Generate Task → autoopt-results/logs/20260410-203226-3-1-generate.log
[Fri Apr 10 20:52:59 CEST 2026] Create Plan → autoopt-results/logs/20260410-203226-3-2-plan.log
[Fri Apr 10 21:19:27 CEST 2026] Do Task → autoopt-results/logs/20260410-203226-3-3-do.log
[Fri Apr 10 21:20:01 CEST 2026] Do Task failed (exit 0), retrying in 60s...
[Fri Apr 10 21:21:01 CEST 2026] Do Task → autoopt-results/logs/20260410-203226-3-3-do.log
[Fri Apr 10 21:21:02 CEST 2026] Do Task failed (exit 0), retrying in 60s...
[Fri Apr 10 21:22:02 CEST 2026] Do Task → autoopt-results/logs/20260410-203226-3-3-do.log
[Fri Apr 10 21:22:03 CEST 2026] Do Task failed (exit 0), retrying in 60s...
[Fri Apr 10 21:23:03 CEST 2026] Do Task → autoopt-results/logs/20260410-203226-3-3-do.log
[Fri Apr 10 21:23:05 CEST 2026] Do Task failed (exit 0), retrying in 60s...
[Fri Apr 10 21:24:05 CEST 2026] Do Task → autoopt-results/logs/20260410-203226-3-3-do.log
[Fri Apr 10 21:24:06 CEST 2026] Do Task failed (exit 0), retrying in 60s...
[Fri Apr 10 21:25:06 CEST 2026] Do Task → autoopt-results/logs/20260410-203226-3-3-do.log
[Fri Apr 10 21:25:08 CEST 2026] Do Task failed (exit 0), retrying in 60s...
[Fri Apr 10 21:26:08 CEST 2026] Do Task → autoopt-results/logs/20260410-203226-3-3-do.log
[Fri Apr 10 21:26:09 CEST 2026] Do Task failed (exit 0), retrying in 60s...
[Fri Apr 10 21:27:09 CEST 2026] Do Task → autoopt-results/logs/20260410-203226-3-3-do.log
[Fri Apr 10 21:27:11 CEST 2026] Do Task failed (exit 0), retrying in 60s...
[Fri Apr 10 21:28:11 CEST 2026] Do Task → autoopt-results/logs/20260410-203226-3-3-do.log
[Fri Apr 10 21:28:13 CEST 2026] Do Task failed (exit 0), retrying in 60s...
[Fri Apr 10 21:29:13 CEST 2026] Do Task → autoopt-results/logs/20260410-203226-3-3-do.log
[Fri Apr 10 21:29:14 CEST 2026] Do Task failed (exit 0), retrying in 60s...
[Fri Apr 10 21:30:14 CEST 2026] Do Task → autoopt-results/logs/20260410-203226-3-3-do.log
[Fri Apr 10 21:30:16 CEST 2026] Do Task failed (exit 0), retrying in 60s...
[Fri Apr 10 21:31:16 CEST 2026] Do Task → autoopt-results/logs/20260410-203226-3-3-do.log
[Fri Apr 10 21:31:19 CEST 2026] Do Task failed (exit 0), retrying in 60s...
[Fri Apr 10 21:32:19 CEST 2026] Do Task → autoopt-results/logs/20260410-203226-3-3-do.log
[Fri Apr 10 21:32:20 CEST 2026] Do Task failed (exit 0), retrying in 60s...
[Fri Apr 10 21:33:20 CEST 2026] Do Task → autoopt-results/logs/20260410-203226-3-3-do.log
[Fri Apr 10 21:33:22 CEST 2026] Do Task failed (exit 0), retrying in 60s...
[Fri Apr 10 21:34:22 CEST 2026] Do Task → autoopt-results/logs/20260410-203226-3-3-do.log
[Fri Apr 10 21:34:23 CEST 2026] Do Task failed (exit 0), retrying in 60s...
[Fri Apr 10 21:35:23 CEST 2026] Do Task → autoopt-results/logs/20260410-203226-3-3-do.log
[Fri Apr 10 21:35:25 CEST 2026] Do Task failed (exit 0), retrying in 60s...
[Fri Apr 10 21:36:25 CEST 2026] Do Task → autoopt-results/logs/20260410-203226-3-3-do.log
[Fri Apr 10 21:36:26 CEST 2026] Do Task failed (exit 0), retrying in 60s...
[Fri Apr 10 21:37:26 CEST 2026] Do Task → autoopt-results/logs/20260410-203226-3-3-do.log
[Fri Apr 10 21:37:28 CEST 2026] Do Task failed (exit 0), retrying in 60s...
[Fri Apr 10 21:38:28 CEST 2026] Do Task → autoopt-results/logs/20260410-203226-3-3-do.log
[Fri Apr 10 21:38:29 CEST 2026] Do Task failed (exit 0), retrying in 60s...
[Fri Apr 10 21:39:29 CEST 2026] Do Task → autoopt-results/logs/20260410-203226-3-3-do.log
[Fri Apr 10 21:39:31 CEST 2026] Do Task failed (exit 0), retrying in 60s...
[Fri Apr 10 21:40:31 CEST 2026] Do Task → autoopt-results/logs/20260410-203226-3-3-do.log
[Fri Apr 10 21:40:32 CEST 2026] Do Task failed (exit 0), retrying in 60s...
[Fri Apr 10 21:41:32 CEST 2026] Do Task → autoopt-results/logs/20260410-203226-3-3-do.log
[Fri Apr 10 21:41:34 CEST 2026] Do Task failed (exit 0), retrying in 60s...
[Fri Apr 10 21:42:34 CEST 2026] Do Task → autoopt-results/logs/20260410-203226-3-3-do.log
[Fri Apr 10 21:42:35 CEST 2026] Do Task failed (exit 0), retrying in 60s...
[Fri Apr 10 21:43:35 CEST 2026] Do Task → autoopt-results/logs/20260410-203226-3-3-do.log
[Fri Apr 10 21:43:37 CEST 2026] Do Task failed (exit 0), retrying in 60s...
[Fri Apr 10 21:44:37 CEST 2026] Do Task → autoopt-results/logs/20260410-203226-3-3-do.log
[Fri Apr 10 21:44:38 CEST 2026] Do Task failed (exit 0), retrying in 60s...
[Fri Apr 10 21:45:38 CEST 2026] Do Task → autoopt-results/logs/20260410-203226-3-3-do.log
[Fri Apr 10 21:45:40 CEST 2026] Do Task failed (exit 0), retrying in 60s...
[Fri Apr 10 21:46:40 CEST 2026] Do Task → autoopt-results/logs/20260410-203226-3-3-do.log
[Fri Apr 10 21:46:41 CEST 2026] Do Task failed (exit 0), retrying in 60s...
[Fri Apr 10 21:47:41 CEST 2026] Do Task → autoopt-results/logs/20260410-203226-3-3-do.log
[Fri Apr 10 21:47:43 CEST 2026] Do Task failed (exit 0), retrying in 60s...
[Fri Apr 10 21:48:43 CEST 2026] Do Task → autoopt-results/logs/20260410-203226-3-3-do.log
[Fri Apr 10 21:48:44 CEST 2026] Do Task failed (exit 0), retrying in 60s...
[Fri Apr 10 21:49:44 CEST 2026] Do Task → autoopt-results/logs/20260410-203226-3-3-do.log
[Fri Apr 10 21:49:46 CEST 2026] Do Task failed (exit 0), retrying in 60s...
[Fri Apr 10 21:50:46 CEST 2026] Do Task → autoopt-results/logs/20260410-203226-3-3-do.log
[Fri Apr 10 21:50:47 CEST 2026] Do Task failed (exit 0), retrying in 60s...
[Fri Apr 10 21:51:47 CEST 2026] Do Task → autoopt-results/logs/20260410-203226-3-3-do.log
[Fri Apr 10 21:51:49 CEST 2026] Do Task failed (exit 0), retrying in 60s...
[Fri Apr 10 21:52:49 CEST 2026] Do Task → autoopt-results/logs/20260410-203226-3-3-do.log
[Fri Apr 10 21:52:50 CEST 2026] Do Task failed (exit 0), retrying in 60s...
[Fri Apr 10 21:53:50 CEST 2026] Do Task → autoopt-results/logs/20260410-203226-3-3-do.log
[Fri Apr 10 21:53:52 CEST 2026] Do Task failed (exit 0), retrying in 60s...
[Fri Apr 10 21:54:52 CEST 2026] Do Task → autoopt-results/logs/20260410-203226-3-3-do.log
[Fri Apr 10 21:54:53 CEST 2026] Do Task failed (exit 0), retrying in 60s...
[Fri Apr 10 21:55:53 CEST 2026] Do Task → autoopt-results/logs/20260410-203226-3-3-do.log
[Fri Apr 10 21:55:54 CEST 2026] Do Task failed (exit 0), retrying in 60s...
[Fri Apr 10 21:56:54 CEST 2026] Do Task → autoopt-results/logs/20260410-203226-3-3-do.log
[Fri Apr 10 21:56:56 CEST 2026] Do Task failed (exit 0), retrying in 60s...
[Fri Apr 10 21:57:56 CEST 2026] Do Task → autoopt-results/logs/20260410-203226-3-3-do.log
[Fri Apr 10 21:57:58 CEST 2026] Do Task failed (exit 0), retrying in 60s...
[Fri Apr 10 21:58:58 CEST 2026] Do Task → autoopt-results/logs/20260410-203226-3-3-do.log
[Fri Apr 10 21:58:59 CEST 2026] Do Task failed (exit 0), retrying in 60s...
[Fri Apr 10 21:59:59 CEST 2026] Do Task → autoopt-results/logs/20260410-203226-3-3-do.log
[Fri Apr 10 22:00:01 CEST 2026] Do Task failed (exit 0), retrying in 60s...
[Fri Apr 10 22:01:01 CEST 2026] Do Task → autoopt-results/logs/20260410-203226-3-3-do.log
[Fri Apr 10 22:01:03 CEST 2026] Do Task failed (exit 0), retrying in 60s...
[Fri Apr 10 22:02:03 CEST 2026] Do Task → autoopt-results/logs/20260410-203226-3-3-do.log
[Fri Apr 10 22:02:04 CEST 2026] Do Task failed (exit 0), retrying in 60s...
[Fri Apr 10 22:03:04 CEST 2026] Do Task → autoopt-results/logs/20260410-203226-3-3-do.log
[Fri Apr 10 22:03:06 CEST 2026] Do Task failed (exit 0), retrying in 60s...
[Fri Apr 10 22:04:06 CEST 2026] Do Task → autoopt-results/logs/20260410-203226-3-3-do.log
[Fri Apr 10 22:04:07 CEST 2026] Do Task failed (exit 0), retrying in 60s...
[Fri Apr 10 22:05:07 CEST 2026] Do Task → autoopt-results/logs/20260410-203226-3-3-do.log
[Fri Apr 10 22:05:08 CEST 2026] Do Task failed (exit 0), retrying in 60s...
[Fri Apr 10 22:06:08 CEST 2026] Do Task → autoopt-results/logs/20260410-203226-3-3-do.log
[Fri Apr 10 22:06:10 CEST 2026] Do Task failed (exit 0), retrying in 60s...
[Fri Apr 10 22:07:10 CEST 2026] Do Task → autoopt-results/logs/20260410-203226-3-3-do.log
[Fri Apr 10 22:07:12 CEST 2026] Do Task failed (exit 0), retrying in 60s...
[Fri Apr 10 22:08:12 CEST 2026] Do Task → autoopt-results/logs/20260410-203226-3-3-do.log
[Fri Apr 10 22:08:13 CEST 2026] Do Task failed (exit 0), retrying in 60s...
[Fri Apr 10 22:09:13 CEST 2026] Do Task → autoopt-results/logs/20260410-203226-3-3-do.log
[Fri Apr 10 22:09:15 CEST 2026] Do Task failed (exit 0), retrying in 60s...
[Fri Apr 10 22:10:15 CEST 2026] Do Task → autoopt-results/logs/20260410-203226-3-3-do.log
[Fri Apr 10 22:10:16 CEST 2026] Do Task failed (exit 0), retrying in 60s...
[Fri Apr 10 22:11:16 CEST 2026] Do Task → autoopt-results/logs/20260410-203226-3-3-do.log
[Fri Apr 10 22:11:18 CEST 2026] Do Task failed (exit 0), retrying in 60s...
[Fri Apr 10 22:12:18 CEST 2026] Do Task → autoopt-results/logs/20260410-203226-3-3-do.log
[Fri Apr 10 22:12:19 CEST 2026] Do Task failed (exit 0), retrying in 60s...
[Fri Apr 10 22:13:19 CEST 2026] Do Task → autoopt-results/logs/20260410-203226-3-3-do.log
[Fri Apr 10 22:13:21 CEST 2026] Do Task failed (exit 0), retrying in 60s...
[Fri Apr 10 22:14:21 CEST 2026] Do Task → autoopt-results/logs/20260410-203226-3-3-do.log
[Fri Apr 10 22:14:22 CEST 2026] Do Task failed (exit 0), retrying in 60s...
[Fri Apr 10 22:15:22 CEST 2026] Do Task → autoopt-results/logs/20260410-203226-3-3-do.log
[Fri Apr 10 22:15:24 CEST 2026] Do Task failed (exit 0), retrying in 60s...
[Fri Apr 10 22:16:24 CEST 2026] Do Task → autoopt-results/logs/20260410-203226-3-3-do.log
[Fri Apr 10 22:16:25 CEST 2026] Do Task failed (exit 0), retrying in 60s...
[Fri Apr 10 22:17:25 CEST 2026] Do Task → autoopt-results/logs/20260410-203226-3-3-do.log
[Fri Apr 10 22:17:26 CEST 2026] Do Task failed (exit 0), retrying in 60s...
[Fri Apr 10 22:18:26 CEST 2026] Do Task → autoopt-results/logs/20260410-203226-3-3-do.log
[Fri Apr 10 22:18:28 CEST 2026] Do Task failed (exit 0), retrying in 60s...
[Fri Apr 10 22:19:28 CEST 2026] Do Task → autoopt-results/logs/20260410-203226-3-3-do.log
[Fri Apr 10 22:19:29 CEST 2026] Do Task failed (exit 0), retrying in 60s...
[Fri Apr 10 22:20:29 CEST 2026] Do Task → autoopt-results/logs/20260410-203226-3-3-do.log
[Fri Apr 10 22:20:31 CEST 2026] Do Task failed (exit 0), retrying in 60s...
[Fri Apr 10 22:21:31 CEST 2026] Do Task → autoopt-results/logs/20260410-203226-3-3-do.log
[Fri Apr 10 22:21:32 CEST 2026] Do Task failed (exit 0), retrying in 60s...
[Fri Apr 10 22:22:32 CEST 2026] Do Task → autoopt-results/logs/20260410-203226-3-3-do.log
[Fri Apr 10 22:22:34 CEST 2026] Do Task failed (exit 0), retrying in 60s...
[Fri Apr 10 22:23:34 CEST 2026] Do Task → autoopt-results/logs/20260410-203226-3-3-do.log
[Fri Apr 10 22:23:35 CEST 2026] Do Task failed (exit 0), retrying in 60s...
[Fri Apr 10 22:24:35 CEST 2026] Do Task → autoopt-results/logs/20260410-203226-3-3-do.log
[Fri Apr 10 22:24:37 CEST 2026] Do Task failed (exit 0), retrying in 60s...
[Fri Apr 10 22:25:37 CEST 2026] Do Task → autoopt-results/logs/20260410-203226-3-3-do.log
[Fri Apr 10 22:25:39 CEST 2026] Do Task failed (exit 0), retrying in 60s...
[Fri Apr 10 22:26:39 CEST 2026] Do Task → autoopt-results/logs/20260410-203226-3-3-do.log
[Fri Apr 10 22:26:41 CEST 2026] Do Task failed (exit 0), retrying in 60s...
[Fri Apr 10 22:27:41 CEST 2026] Do Task → autoopt-results/logs/20260410-203226-3-3-do.log
[Fri Apr 10 22:27:42 CEST 2026] Do Task failed (exit 0), retrying in 60s...
[Fri Apr 10 22:28:42 CEST 2026] Do Task → autoopt-results/logs/20260410-203226-3-3-do.log
[Fri Apr 10 22:28:44 CEST 2026] Do Task failed (exit 0), retrying in 60s...
[Fri Apr 10 22:29:44 CEST 2026] Do Task → autoopt-results/logs/20260410-203226-3-3-do.log
[Fri Apr 10 22:29:46 CEST 2026] Do Task failed (exit 0), retrying in 60s...
[Fri Apr 10 22:30:46 CEST 2026] Do Task → autoopt-results/logs/20260410-203226-3-3-do.log
[Fri Apr 10 22:30:47 CEST 2026] Do Task failed (exit 0), retrying in 60s...
[Fri Apr 10 22:31:47 CEST 2026] Do Task → autoopt-results/logs/20260410-203226-3-3-do.log
[Fri Apr 10 22:31:48 CEST 2026] Do Task failed (exit 0), retrying in 60s...
[Fri Apr 10 22:32:48 CEST 2026] Do Task → autoopt-results/logs/20260410-203226-3-3-do.log
[Fri Apr 10 22:32:50 CEST 2026] Do Task failed (exit 0), retrying in 60s...
[Fri Apr 10 22:33:50 CEST 2026] Do Task → autoopt-results/logs/20260410-203226-3-3-do.log
[Fri Apr 10 22:33:51 CEST 2026] Do Task failed (exit 0), retrying in 60s...
[Fri Apr 10 22:34:51 CEST 2026] Do Task → autoopt-results/logs/20260410-203226-3-3-do.log
[Fri Apr 10 22:34:53 CEST 2026] Do Task failed (exit 0), retrying in 60s...
[Fri Apr 10 22:35:53 CEST 2026] Do Task → autoopt-results/logs/20260410-203226-3-3-do.log
[Fri Apr 10 22:35:54 CEST 2026] Do Task failed (exit 0), retrying in 60s...
[Fri Apr 10 22:36:54 CEST 2026] Do Task → autoopt-results/logs/20260410-203226-3-3-do.log
[Fri Apr 10 22:36:56 CEST 2026] Do Task failed (exit 0), retrying in 60s...
[Fri Apr 10 22:37:56 CEST 2026] Do Task → autoopt-results/logs/20260410-203226-3-3-do.log
[Fri Apr 10 22:37:57 CEST 2026] Do Task failed (exit 0), retrying in 60s...
[Fri Apr 10 22:38:57 CEST 2026] Do Task → autoopt-results/logs/20260410-203226-3-3-do.log
[Fri Apr 10 22:38:59 CEST 2026] Do Task failed (exit 0), retrying in 60s...
[Fri Apr 10 22:39:59 CEST 2026] Do Task → autoopt-results/logs/20260410-203226-3-3-do.log
[Fri Apr 10 22:40:00 CEST 2026] Do Task failed (exit 0), retrying in 60s...
[Fri Apr 10 22:41:00 CEST 2026] Do Task → autoopt-results/logs/20260410-203226-3-3-do.log
[Fri Apr 10 22:41:02 CEST 2026] Do Task failed (exit 0), retrying in 60s...
[Fri Apr 10 22:42:02 CEST 2026] Do Task → autoopt-results/logs/20260410-203226-3-3-do.log
[Fri Apr 10 22:42:03 CEST 2026] Do Task failed (exit 0), retrying in 60s...
[Fri Apr 10 22:43:03 CEST 2026] Do Task → autoopt-results/logs/20260410-203226-3-3-do.log
[Fri Apr 10 22:43:05 CEST 2026] Do Task failed (exit 0), retrying in 60s...
[Fri Apr 10 22:44:05 CEST 2026] Do Task → autoopt-results/logs/20260410-203226-3-3-do.log
[Fri Apr 10 22:44:06 CEST 2026] Do Task failed (exit 0), retrying in 60s...
[Fri Apr 10 22:45:06 CEST 2026] Do Task → autoopt-results/logs/20260410-203226-3-3-do.log
[Fri Apr 10 22:45:08 CEST 2026] Do Task failed (exit 0), retrying in 60s...
[Fri Apr 10 22:46:08 CEST 2026] Do Task → autoopt-results/logs/20260410-203226-3-3-do.log
[Fri Apr 10 22:46:09 CEST 2026] Do Task failed (exit 0), retrying in 60s...
[Fri Apr 10 22:47:09 CEST 2026] Do Task → autoopt-results/logs/20260410-203226-3-3-do.log
[Fri Apr 10 22:47:10 CEST 2026] Do Task failed (exit 0), retrying in 60s...
[Fri Apr 10 22:48:10 CEST 2026] Do Task → autoopt-results/logs/20260410-203226-3-3-do.log
[Fri Apr 10 22:48:12 CEST 2026] Do Task failed (exit 0), retrying in 60s...
[Fri Apr 10 22:49:12 CEST 2026] Do Task → autoopt-results/logs/20260410-203226-3-3-do.log
[Fri Apr 10 22:49:13 CEST 2026] Do Task failed (exit 0), retrying in 60s...
[Fri Apr 10 22:50:13 CEST 2026] Do Task → autoopt-results/logs/20260410-203226-3-3-do.log
[Fri Apr 10 22:50:15 CEST 2026] Do Task failed (exit 0), retrying in 60s...
[Fri Apr 10 22:51:15 CEST 2026] Do Task → autoopt-results/logs/20260410-203226-3-3-do.log
[Fri Apr 10 22:51:17 CEST 2026] Do Task failed (exit 0), retrying in 60s...
[Fri Apr 10 22:52:17 CEST 2026] Do Task → autoopt-results/logs/20260410-203226-3-3-do.log
[Fri Apr 10 22:52:18 CEST 2026] Do Task failed (exit 0), retrying in 60s...
[Fri Apr 10 22:53:18 CEST 2026] Do Task → autoopt-results/logs/20260410-203226-3-3-do.log
[Fri Apr 10 22:53:20 CEST 2026] Do Task failed (exit 0), retrying in 60s...
[Fri Apr 10 22:54:20 CEST 2026] Do Task → autoopt-results/logs/20260410-203226-3-3-do.log
[Fri Apr 10 22:54:21 CEST 2026] Do Task failed (exit 0), retrying in 60s...
[Fri Apr 10 22:55:21 CEST 2026] Do Task → autoopt-results/logs/20260410-203226-3-3-do.log
[Fri Apr 10 22:55:22 CEST 2026] Do Task failed (exit 0), retrying in 60s...
[Fri Apr 10 22:56:22 CEST 2026] Do Task → autoopt-results/logs/20260410-203226-3-3-do.log
[Fri Apr 10 22:56:24 CEST 2026] Do Task failed (exit 0), retrying in 60s...
[Fri Apr 10 22:57:24 CEST 2026] Do Task → autoopt-results/logs/20260410-203226-3-3-do.log
[Fri Apr 10 22:57:26 CEST 2026] Do Task failed (exit 0), retrying in 60s...
[Fri Apr 10 22:58:26 CEST 2026] Do Task → autoopt-results/logs/20260410-203226-3-3-do.log
[Fri Apr 10 22:58:27 CEST 2026] Do Task failed (exit 0), retrying in 60s...
[Fri Apr 10 22:59:27 CEST 2026] Do Task → autoopt-results/logs/20260410-203226-3-3-do.log
[Fri Apr 10 22:59:29 CEST 2026] Do Task failed (exit 0), retrying in 60s...
[Fri Apr 10 23:00:29 CEST 2026] Do Task → autoopt-results/logs/20260410-203226-3-3-do.log
[Fri Apr 10 23:00:30 CEST 2026] Do Task failed (exit 0), retrying in 60s...
[Fri Apr 10 23:01:30 CEST 2026] Do Task → autoopt-results/logs/20260410-203226-3-3-do.log
[Fri Apr 10 23:01:31 CEST 2026] Do Task failed (exit 0), retrying in 60s...
[Fri Apr 10 23:02:31 CEST 2026] Do Task → autoopt-results/logs/20260410-203226-3-3-do.log
[Fri Apr 10 23:02:33 CEST 2026] Do Task failed (exit 0), retrying in 60s...
[Fri Apr 10 23:03:33 CEST 2026] Do Task → autoopt-results/logs/20260410-203226-3-3-do.log
[Fri Apr 10 23:03:34 CEST 2026] Do Task failed (exit 0), retrying in 60s...
[Fri Apr 10 23:04:34 CEST 2026] Do Task → autoopt-results/logs/20260410-203226-3-3-do.log
[Fri Apr 10 23:04:35 CEST 2026] Do Task failed (exit 0), retrying in 60s...
[Fri Apr 10 23:05:35 CEST 2026] Do Task → autoopt-results/logs/20260410-203226-3-3-do.log
[Fri Apr 10 23:05:37 CEST 2026] Do Task failed (exit 0), retrying in 60s...
[Fri Apr 10 23:06:37 CEST 2026] Do Task → autoopt-results/logs/20260410-203226-3-3-do.log
[Fri Apr 10 23:06:39 CEST 2026] Do Task failed (exit 0), retrying in 60s...
[Fri Apr 10 23:07:39 CEST 2026] Do Task → autoopt-results/logs/20260410-203226-3-3-do.log
[Fri Apr 10 23:07:40 CEST 2026] Do Task failed (exit 0), retrying in 60s...
[Fri Apr 10 23:08:40 CEST 2026] Do Task → autoopt-results/logs/20260410-203226-3-3-do.log
[Fri Apr 10 23:08:43 CEST 2026] Do Task failed (exit 0), retrying in 60s...
[Fri Apr 10 23:09:43 CEST 2026] Do Task → autoopt-results/logs/20260410-203226-3-3-do.log
[Fri Apr 10 23:09:44 CEST 2026] Do Task failed (exit 0), retrying in 60s...
[Fri Apr 10 23:10:44 CEST 2026] Do Task → autoopt-results/logs/20260410-203226-3-3-do.log
[Fri Apr 10 23:10:45 CEST 2026] Do Task failed (exit 0), retrying in 60s...
[Fri Apr 10 23:11:45 CEST 2026] Do Task → autoopt-results/logs/20260410-203226-3-3-do.log
[Fri Apr 10 23:11:47 CEST 2026] Do Task failed (exit 0), retrying in 60s...
[Fri Apr 10 23:12:47 CEST 2026] Do Task → autoopt-results/logs/20260410-203226-3-3-do.log
[Fri Apr 10 23:12:48 CEST 2026] Do Task failed (exit 0), retrying in 60s...
[Fri Apr 10 23:13:48 CEST 2026] Do Task → autoopt-results/logs/20260410-203226-3-3-do.log
[Fri Apr 10 23:13:50 CEST 2026] Do Task failed (exit 0), retrying in 60s...
[Fri Apr 10 23:14:50 CEST 2026] Do Task → autoopt-results/logs/20260410-203226-3-3-do.log
[Fri Apr 10 23:14:51 CEST 2026] Do Task failed (exit 0), retrying in 60s...
[Fri Apr 10 23:15:51 CEST 2026] Do Task → autoopt-results/logs/20260410-203226-3-3-do.log
[Fri Apr 10 23:15:53 CEST 2026] Do Task failed (exit 0), retrying in 60s...
[Fri Apr 10 23:16:53 CEST 2026] Do Task → autoopt-results/logs/20260410-203226-3-3-do.log
[Fri Apr 10 23:16:54 CEST 2026] Do Task failed (exit 0), retrying in 60s...
[Fri Apr 10 23:17:54 CEST 2026] Do Task → autoopt-results/logs/20260410-203226-3-3-do.log
[Fri Apr 10 23:17:56 CEST 2026] Do Task failed (exit 0), retrying in 60s...
[Fri Apr 10 23:18:56 CEST 2026] Do Task → autoopt-results/logs/20260410-203226-3-3-do.log
[Fri Apr 10 23:18:57 CEST 2026] Do Task failed (exit 0), retrying in 60s...
[Fri Apr 10 23:19:57 CEST 2026] Do Task → autoopt-results/logs/20260410-203226-3-3-do.log
[Fri Apr 10 23:19:59 CEST 2026] Do Task failed (exit 0), retrying in 60s...
[Fri Apr 10 23:20:59 CEST 2026] Do Task → autoopt-results/logs/20260410-203226-3-3-do.log
[Fri Apr 10 23:21:01 CEST 2026] Do Task failed (exit 0), retrying in 60s...
[Fri Apr 10 23:22:01 CEST 2026] Do Task → autoopt-results/logs/20260410-203226-3-3-do.log
[Fri Apr 10 23:22:03 CEST 2026] Do Task failed (exit 0), retrying in 60s...
[Fri Apr 10 23:23:03 CEST 2026] Do Task → autoopt-results/logs/20260410-203226-3-3-do.log
[Fri Apr 10 23:23:04 CEST 2026] Do Task failed (exit 0), retrying in 60s...
[Fri Apr 10 23:24:04 CEST 2026] Do Task → autoopt-results/logs/20260410-203226-3-3-do.log
[Fri Apr 10 23:24:06 CEST 2026] Do Task failed (exit 0), retrying in 60s...
[Fri Apr 10 23:25:06 CEST 2026] Do Task → autoopt-results/logs/20260410-203226-3-3-do.log
[Fri Apr 10 23:25:07 CEST 2026] Do Task failed (exit 0), retrying in 60s...
[Fri Apr 10 23:26:07 CEST 2026] Do Task → autoopt-results/logs/20260410-203226-3-3-do.log
[Fri Apr 10 23:26:09 CEST 2026] Do Task failed (exit 0), retrying in 60s...
[Fri Apr 10 23:27:09 CEST 2026] Do Task → autoopt-results/logs/20260410-203226-3-3-do.log
[Fri Apr 10 23:27:10 CEST 2026] Do Task failed (exit 0), retrying in 60s...
[Fri Apr 10 23:28:10 CEST 2026] Do Task → autoopt-results/logs/20260410-203226-3-3-do.log
[Fri Apr 10 23:28:11 CEST 2026] Do Task failed (exit 0), retrying in 60s...
[Fri Apr 10 23:29:11 CEST 2026] Do Task → autoopt-results/logs/20260410-203226-3-3-do.log
[Fri Apr 10 23:29:13 CEST 2026] Do Task failed (exit 0), retrying in 60s...
[Fri Apr 10 23:30:13 CEST 2026] Do Task → autoopt-results/logs/20260410-203226-3-3-do.log
[Fri Apr 10 23:30:14 CEST 2026] Do Task failed (exit 0), retrying in 60s...
[Fri Apr 10 23:31:14 CEST 2026] Do Task → autoopt-results/logs/20260410-203226-3-3-do.log
[Fri Apr 10 23:31:16 CEST 2026] Do Task failed (exit 0), retrying in 60s...
[Fri Apr 10 23:32:16 CEST 2026] Do Task → autoopt-results/logs/20260410-203226-3-3-do.log
[Fri Apr 10 23:32:17 CEST 2026] Do Task failed (exit 0), retrying in 60s...
[Fri Apr 10 23:33:17 CEST 2026] Do Task → autoopt-results/logs/20260410-203226-3-3-do.log
[Fri Apr 10 23:33:19 CEST 2026] Do Task failed (exit 0), retrying in 60s...
[Fri Apr 10 23:34:19 CEST 2026] Do Task → autoopt-results/logs/20260410-203226-3-3-do.log
[Fri Apr 10 23:34:20 CEST 2026] Do Task failed (exit 0), retrying in 60s...
[Fri Apr 10 23:35:20 CEST 2026] Do Task → autoopt-results/logs/20260410-203226-3-3-do.log
[Fri Apr 10 23:35:21 CEST 2026] Do Task failed (exit 0), retrying in 60s...
[Fri Apr 10 23:36:21 CEST 2026] Do Task → autoopt-results/logs/20260410-203226-3-3-do.log
[Fri Apr 10 23:36:23 CEST 2026] Do Task failed (exit 0), retrying in 60s...
[Fri Apr 10 23:37:23 CEST 2026] Do Task → autoopt-results/logs/20260410-203226-3-3-do.log
[Fri Apr 10 23:37:24 CEST 2026] Do Task failed (exit 0), retrying in 60s...
[Fri Apr 10 23:38:24 CEST 2026] Do Task → autoopt-results/logs/20260410-203226-3-3-do.log
[Fri Apr 10 23:38:26 CEST 2026] Do Task failed (exit 0), retrying in 60s...
[Fri Apr 10 23:39:26 CEST 2026] Do Task → autoopt-results/logs/20260410-203226-3-3-do.log
[Fri Apr 10 23:39:27 CEST 2026] Do Task failed (exit 0), retrying in 60s...
[Fri Apr 10 23:40:27 CEST 2026] Do Task → autoopt-results/logs/20260410-203226-3-3-do.log
[Fri Apr 10 23:40:29 CEST 2026] Do Task failed (exit 0), retrying in 60s...
[Fri Apr 10 23:41:29 CEST 2026] Do Task → autoopt-results/logs/20260410-203226-3-3-do.log
[Fri Apr 10 23:41:30 CEST 2026] Do Task failed (exit 0), retrying in 60s...
[Fri Apr 10 23:42:30 CEST 2026] Do Task → autoopt-results/logs/20260410-203226-3-3-do.log
[Fri Apr 10 23:42:31 CEST 2026] Do Task failed (exit 0), retrying in 60s...
[Fri Apr 10 23:43:31 CEST 2026] Do Task → autoopt-results/logs/20260410-203226-3-3-do.log
[Fri Apr 10 23:43:33 CEST 2026] Do Task failed (exit 0), retrying in 60s...
[Fri Apr 10 23:44:33 CEST 2026] Do Task → autoopt-results/logs/20260410-203226-3-3-do.log
[Fri Apr 10 23:44:34 CEST 2026] Do Task failed (exit 0), retrying in 60s...
[Fri Apr 10 23:45:34 CEST 2026] Do Task → autoopt-results/logs/20260410-203226-3-3-do.log
[Fri Apr 10 23:45:36 CEST 2026] Do Task failed (exit 0), retrying in 60s...
[Fri Apr 10 23:46:36 CEST 2026] Do Task → autoopt-results/logs/20260410-203226-3-3-do.log
[Fri Apr 10 23:46:37 CEST 2026] Do Task failed (exit 0), retrying in 60s...
[Fri Apr 10 23:47:37 CEST 2026] Do Task → autoopt-results/logs/20260410-203226-3-3-do.log
[Fri Apr 10 23:47:39 CEST 2026] Do Task failed (exit 0), retrying in 60s...
[Fri Apr 10 23:48:39 CEST 2026] Do Task → autoopt-results/logs/20260410-203226-3-3-do.log
[Fri Apr 10 23:48:40 CEST 2026] Do Task failed (exit 0), retrying in 60s...
[Fri Apr 10 23:49:40 CEST 2026] Do Task → autoopt-results/logs/20260410-203226-3-3-do.log
[Fri Apr 10 23:49:41 CEST 2026] Do Task failed (exit 0), retrying in 60s...
[Fri Apr 10 23:50:41 CEST 2026] Do Task → autoopt-results/logs/20260410-203226-3-3-do.log
[Fri Apr 10 23:50:43 CEST 2026] Do Task failed (exit 0), retrying in 60s...
[Fri Apr 10 23:51:43 CEST 2026] Do Task → autoopt-results/logs/20260410-203226-3-3-do.log
[Fri Apr 10 23:51:44 CEST 2026] Do Task failed (exit 0), retrying in 60s...
[Fri Apr 10 23:52:44 CEST 2026] Do Task → autoopt-results/logs/20260410-203226-3-3-do.log
[Fri Apr 10 23:52:45 CEST 2026] Do Task failed (exit 0), retrying in 60s...
[Fri Apr 10 23:53:45 CEST 2026] Do Task → autoopt-results/logs/20260410-203226-3-3-do.log
[Fri Apr 10 23:53:47 CEST 2026] Do Task failed (exit 0), retrying in 60s...
[Fri Apr 10 23:54:47 CEST 2026] Do Task → autoopt-results/logs/20260410-203226-3-3-do.log
[Fri Apr 10 23:54:48 CEST 2026] Do Task failed (exit 0), retrying in 60s...
[Fri Apr 10 23:55:48 CEST 2026] Do Task → autoopt-results/logs/20260410-203226-3-3-do.log
[Fri Apr 10 23:55:50 CEST 2026] Do Task failed (exit 0), retrying in 60s...
[Fri Apr 10 23:56:50 CEST 2026] Do Task → autoopt-results/logs/20260410-203226-3-3-do.log
[Fri Apr 10 23:56:51 CEST 2026] Do Task failed (exit 0), retrying in 60s...
[Fri Apr 10 23:57:51 CEST 2026] Do Task → autoopt-results/logs/20260410-203226-3-3-do.log
[Fri Apr 10 23:57:52 CEST 2026] Do Task failed (exit 0), retrying in 60s...
[Fri Apr 10 23:58:52 CEST 2026] Do Task → autoopt-results/logs/20260410-203226-3-3-do.log
[Fri Apr 10 23:58:54 CEST 2026] Do Task failed (exit 0), retrying in 60s...
[Fri Apr 10 23:59:54 CEST 2026] Do Task → autoopt-results/logs/20260410-203226-3-3-do.log
[Fri Apr 10 23:59:55 CEST 2026] Do Task failed (exit 0), retrying in 60s...
[Sat Apr 11 00:00:55 CEST 2026] Do Task → autoopt-results/logs/20260410-203226-3-3-do.log
========================================
[Sat Apr 11 08:47:37 CEST 2026] Iteration 1 / 100
========================================
[Sat Apr 11 08:47:37 CEST 2026] Generate Task → autoopt-results/logs/20260411-084737-1-1-generate.log
[Sat Apr 11 09:41:45 CEST 2026] Create Plan → autoopt-results/logs/20260411-084737-1-2-plan.log
[Sat Apr 11 10:03:37 CEST 2026] Do Task → autoopt-results/logs/20260411-084737-1-3-do.log
========================================
[Sat Apr 11 10:16:15 CEST 2026] Iteration 2 / 100
========================================
[Sat Apr 11 10:16:15 CEST 2026] Generate Task → autoopt-results/logs/20260411-101615-2-1-generate.log
[Sat Apr 11 10:31:57 CEST 2026] Create Plan → autoopt-results/logs/20260411-101615-2-2-plan.log
[Sat Apr 11 10:55:45 CEST 2026] Do Task → autoopt-results/logs/20260411-101615-2-3-do.log
